(gdb) b main
Breakpoint 1 at 0x80c: file p6original.c, line 21.
(gdb) r
Starting program: /home/runner/pps-test1-anil935-1/a.out 
warning: Error disabling address space randomization: Operation not permitted

Breakpoint 1, main () at p6original.c:21
21    int n=input_n();
(gdb) n
enter a number:
4
22    int sum=sum_n(n);
(gdb) n
23    output(sum);
(gdb) n
24    return 0;
(gdb) n
25  }(gdb) quit